// Jest Snapshot v1, https://goo.gl/fbAQLP

exports[`ModalBox component matches snapshot when open 1`] = `
<body>
  <div />
  <div
    class="modalOverlay"
    data-testid="modalBoxComponent"
  >
    <div
      class="modalBox"
      role="dialog"
    >
      <div
        class="modalBoxHead"
      >
        <p
          class="modalBoxTitle"
        >
          Test Modal
        </p>
        <div
          class="buttonClose"
        >
          <button
            class="buttonIcon"
            type="button"
          >
            <svg
              fill="currentColor"
              height="1em"
              stroke="currentColor"
              stroke-width="0"
              viewBox="0 0 512 512"
              width="1em"
              xmlns="http://www.w3.org/2000/svg"
            >
              <path
                d="m289.94 256 95-95A24 24 0 0 0 351 127l-95 95-95-95a24 24 0 0 0-34 34l95 95-95 95a24 24 0 1 0 34 34l95-95 95 95a24 24 0 0 0 34-34z"
              />
            </svg>
          </button>
        </div>
      </div>
      <div
        data-testid="test-child"
      >
        Hello, World!
      </div>
    </div>
  </div>
</body>
`;
