// Jest Snapshot v1, https://goo.gl/fbAQLP

exports[`Renders the main page 1`] = `
<div>
  <div
    data-testid="mainPage"
  >
    Main
  </div>
</div>
`;
