// Jest Snapshot v1, https://goo.gl/fbAQLP

exports[`ModalBoxContent matches snapshot 1`] = `
<div>
  <form
    class="content"
  >
    <div
      class="city"
    >
      <label>
        <span>
          *
        </span>
         City:
      </label>
      <div
        class=" css-b62m3t-container"
      >
        <span
          class="css-1f43avz-a11yText-A11yText"
          id="react-select-2-live-region"
        />
        <span
          aria-atomic="false"
          aria-live="polite"
          aria-relevant="additions text"
          class="css-1f43avz-a11yText-A11yText"
          role="log"
        />
        <div
          class=" css-13cymwt-control"
        >
          <div
            class=" css-1fdsijx-ValueContainer"
          >
            <div
              class=" css-1jqq78o-placeholder"
              id="react-select-2-placeholder"
            >
              Please select city
            </div>
            <div
              class=" css-qbdosj-Input"
              data-value=""
            >
              <input
                aria-activedescendant=""
                aria-autocomplete="list"
                aria-describedby="react-select-2-placeholder"
                aria-expanded="false"
                aria-haspopup="true"
                autocapitalize="none"
                autocomplete="off"
                autocorrect="off"
                class=""
                id="react-select-2-input"
                role="combobox"
                spellcheck="false"
                style="opacity: 1; width: 100%; grid-area: 1 / 2; min-width: 2px; border: 0px; margin: 0px; outline: 0; padding: 0px;"
                tabindex="0"
                type="text"
                value=""
              />
            </div>
          </div>
          <div
            class=" css-1hb7zxy-IndicatorsContainer"
          >
            <span
              class=" css-1u9des2-indicatorSeparator"
            />
            <div
              aria-hidden="true"
              class=" css-1xc3v61-indicatorContainer"
            >
              <svg
                aria-hidden="true"
                class="css-tj5bde-Svg"
                focusable="false"
                height="20"
                viewBox="0 0 20 20"
                width="20"
              >
                <path
                  d="M4.516 7.548c0.436-0.446 1.043-0.481 1.576 0l3.908 3.747 3.908-3.747c0.533-0.481 1.141-0.446 1.574 0 0.436 0.445 0.408 1.197 0 1.615-0.406 0.418-4.695 4.502-4.695 4.502-0.217 0.223-0.502 0.335-0.787 0.335s-0.57-0.112-0.789-0.335c0 0-4.287-4.084-4.695-4.502s-0.436-1.17 0-1.615z"
                />
              </svg>
            </div>
          </div>
        </div>
      </div>
    </div>
    <div
      class="datePicker"
    >
      <label>
        <span>
          *
        </span>
         Start date:
      </label>
      <div
        class="react-datepicker-wrapper"
      >
        <div
          class="react-datepicker__input-container react-datepicker__view-calendar-icon"
        >
          <svg
            class=" react-datepicker__calendar-icon undefined false"
            fill="currentColor"
            height="1em"
            stroke="currentColor"
            stroke-width="0"
            viewBox="0 0 24 24"
            width="1em"
            xmlns="http://www.w3.org/2000/svg"
          >
            <g
              id="Calendar"
            >
              <path
                d="M18.438,4.954H16.5c0-0.346,0-0.691,0-1.036c0-0.124,0-0.248,0-0.372c0-0.262-0.23-0.512-0.5-0.5
            c-0.271,0.012-0.5,0.22-0.5,0.5c0,0.469,0,0.939,0,1.408h-7c0-0.346,0-0.691,0-1.036c0-0.124,0-0.248,0-0.372
            c0-0.262-0.23-0.512-0.5-0.5c-0.271,0.012-0.5,0.22-0.5,0.5c0,0.469,0,0.939,0,1.408H5.562c-1.378,0-2.5,1.122-2.5,2.5v11
            c0,1.379,1.122,2.5,2.5,2.5h12.875c1.379,0,2.5-1.121,2.5-2.5v-11C20.938,6.076,19.816,4.954,18.438,4.954z M5.562,5.954H7.5
            c0,0.073,0,0.147,0,0.22c0,0.124,0,0.248,0,0.372c0,0.262,0.23,0.512,0.5,0.5c0.271-0.012,0.5-0.22,0.5-0.5c0-0.197,0-0.394,0-0.592
            h7c0,0.073,0,0.147,0,0.22c0,0.124,0,0.248,0,0.372c0,0.262,0.23,0.512,0.5,0.5c0.271-0.012,0.5-0.22,0.5-0.5
            c0-0.197,0-0.394,0-0.592h1.937c0.827,0,1.5,0.673,1.5,1.5v1.584H4.062V7.454C4.062,6.627,4.735,5.954,5.562,5.954z M18.438,19.954
            H5.562c-0.827,0-1.5-0.673-1.5-1.5v-8.416h15.875v8.416C19.938,19.281,19.265,19.954,18.438,19.954z"
              />
            </g>
          </svg>
          <input
            class=""
            placeholder="Select date"
            type="text"
            value="02/23/2024"
          />
        </div>
      </div>
    </div>
    <div
      class="datePicker"
    >
      <label>
        <span>
          *
        </span>
         End Date:
      </label>
      <div
        class="react-datepicker-wrapper"
      >
        <div
          class="react-datepicker__input-container react-datepicker__view-calendar-icon"
        >
          <svg
            class=" react-datepicker__calendar-icon undefined false"
            fill="currentColor"
            height="1em"
            stroke="currentColor"
            stroke-width="0"
            viewBox="0 0 24 24"
            width="1em"
            xmlns="http://www.w3.org/2000/svg"
          >
            <g
              id="Calendar"
            >
              <path
                d="M18.438,4.954H16.5c0-0.346,0-0.691,0-1.036c0-0.124,0-0.248,0-0.372c0-0.262-0.23-0.512-0.5-0.5
            c-0.271,0.012-0.5,0.22-0.5,0.5c0,0.469,0,0.939,0,1.408h-7c0-0.346,0-0.691,0-1.036c0-0.124,0-0.248,0-0.372
            c0-0.262-0.23-0.512-0.5-0.5c-0.271,0.012-0.5,0.22-0.5,0.5c0,0.469,0,0.939,0,1.408H5.562c-1.378,0-2.5,1.122-2.5,2.5v11
            c0,1.379,1.122,2.5,2.5,2.5h12.875c1.379,0,2.5-1.121,2.5-2.5v-11C20.938,6.076,19.816,4.954,18.438,4.954z M5.562,5.954H7.5
            c0,0.073,0,0.147,0,0.22c0,0.124,0,0.248,0,0.372c0,0.262,0.23,0.512,0.5,0.5c0.271-0.012,0.5-0.22,0.5-0.5c0-0.197,0-0.394,0-0.592
            h7c0,0.073,0,0.147,0,0.22c0,0.124,0,0.248,0,0.372c0,0.262,0.23,0.512,0.5,0.5c0.271-0.012,0.5-0.22,0.5-0.5
            c0-0.197,0-0.394,0-0.592h1.937c0.827,0,1.5,0.673,1.5,1.5v1.584H4.062V7.454C4.062,6.627,4.735,5.954,5.562,5.954z M18.438,19.954
            H5.562c-0.827,0-1.5-0.673-1.5-1.5v-8.416h15.875v8.416C19.938,19.281,19.265,19.954,18.438,19.954z"
              />
            </g>
          </svg>
          <input
            class=""
            placeholder="Select date"
            type="text"
            value="02/23/2024"
          />
        </div>
      </div>
    </div>
    <div
      class="buttons-section"
    >
      <button
        class="button basic"
        type="reset"
      >
        Cancel
      </button>
      <button
        class="button primary"
        type="submit"
      >
        Save
      </button>
    </div>
  </form>
</div>
`;
